Creating test database for alias 'default'...
E..F
======================================================================
ERROR: test_auction_detail_elements (auctions.tests_frontend.FrontendFeatureTests.test_auction_detail_elements)
Test detail page for gallery, watchlist, and bid section.
----------------------------------------------------------------------
Traceback (most recent call last):
  File "/Users/dimanjan/aliaunction/auctions/tests_frontend.py", line 49, in test_auction_detail_elements
    response = self.client.get(reverse('auction_detail', args=[self.auction.id]))
               ^^^^^^^^^^^^^^^^^^^^^^^^^^^^^^^^^^^^^^^^^^^^^^^^^^^^^^^^^^^^^^^^^^
  File "/Users/dimanjan/aliaunction/venv/lib/python3.12/site-packages/django/test/client.py", line 1124, in get
    response = super().get(
               ^^^^^^^^^^^^
  File "/Users/dimanjan/aliaunction/venv/lib/python3.12/site-packages/django/test/client.py", line 475, in get
    return self.generic(
           ^^^^^^^^^^^^^
  File "/Users/dimanjan/aliaunction/venv/lib/python3.12/site-packages/django/test/client.py", line 671, in generic
    return self.request(**r)
           ^^^^^^^^^^^^^^^^^
  File "/Users/dimanjan/aliaunction/venv/lib/python3.12/site-packages/django/test/client.py", line 1087, in request
    self.check_exception(response)
  File "/Users/dimanjan/aliaunction/venv/lib/python3.12/site-packages/django/test/client.py", line 802, in check_exception
    raise exc_value
  File "/Users/dimanjan/aliaunction/venv/lib/python3.12/site-packages/django/core/handlers/exception.py", line 55, in inner
    response = get_response(request)
               ^^^^^^^^^^^^^^^^^^^^^
  File "/Users/dimanjan/aliaunction/venv/lib/python3.12/site-packages/django/core/handlers/base.py", line 198, in _get_response
    response = wrapped_callback(request, *callback_args, **callback_kwargs)
               ^^^^^^^^^^^^^^^^^^^^^^^^^^^^^^^^^^^^^^^^^^^^^^^^^^^^^^^^^^^^
  File "/Users/dimanjan/aliaunction/auctions/views.py", line 99, in auction_detail
    reviews = auction.reviews.select_related('user')
              ^^^^^^^^^^^^^^^
AttributeError: 'Auction' object has no attribute 'reviews'

======================================================================
FAIL: test_homepage_elements (auctions.tests_frontend.FrontendFeatureTests.test_homepage_elements)
Test homepage renders with key elements and featured badge.
----------------------------------------------------------------------
Traceback (most recent call last):
  File "/Users/dimanjan/aliaunction/auctions/tests_frontend.py", line 43, in test_homepage_elements
    self.assertIn('Featured', content)
AssertionError: 'Featured' not found in '<!DOCTYPE html>\n<html lang="en">\n\n<head>\n    <meta charset="UTF-8">\n    <title>AuctionVistas</title>\n    \n    <link rel="stylesheet" href="/static/style.css">\n    <link rel="stylesheet" href="/static/features.css">\n    <style>\n        body {\n            margin: 0;\n            font-family: -apple-system, BlinkMacSystemFont, \'Segoe UI\', Roboto, sans-serif;\n            background: #f8fafc;\n            color: #23284a;\n        }\n\n\n\n        .container {\n            max-width: 2400px;\n            margin: 0 auto;\n            padding: 2rem 1rem;\n            text-align: center;\n            display: flex;\n            flex-direction: column;\n            align-items: center;\n            width: 100%;\n        }\n\n        .live-auctions-title {\n            font-size: 1.5rem;\n            font-weight: bold;\n            margin-bottom: 0.5rem;\n            display: flex;\n            align-items: center;\n            gap: 0.5rem;\n        }\n\n        .live-auctions-title a {\n            text-decoration: none;\n            color: inherit;\n            display: flex;\n            align-items: center;\n            gap: 0.5rem;\n            transition: all 0.3s ease;\n            padding: 0.5rem;\n            border-radius: 8px;\n        }\n\n        .live-auctions-title a:hover {\n            background: rgba(58, 141, 222, 0.1);\n            transform: translateX(5px);\n        }\n\n        .live-auctions-desc {\n            color: #666;\n            margin-bottom: 2rem;\n            font-size: 1rem;\n        }\n\n        .auction-grid {\n            display: flex;\n            flex-direction: column;\n            align-items: center;\n            justify-content: center;\n            margin: 0 auto;\n            text-align: center;\n            width: 100%;\n            max-width: 100%;\n        }\n\n        .auction-cards-grid {\n            display: grid;\n            grid-template-columns: repeat(auto-fill, minmax(300px, 1fr));\n            gap: 2rem;\n            justify-content: center;\n            margin: 0 auto;\n        }\n\n        .card {\n            background: white;\n            border-radius: 12px;\n            padding: 1.5rem;\n            box-shadow: 0 4px 15px rgba(0, 0, 0, 0.1);\n            transition: transform 0.3s ease, box-shadow 0.3s ease;\n        }\n\n        .card:hover {\n            transform: translateY(-5px);\n            box-shadow: 0 8px 25px rgba(0, 0, 0, 0.15);\n        }\n\n        .card-btn {\n            background: #3a8dde;\n            color: white;\n            padding: 0.8rem 1.5rem;\n            border: none;\n            border-radius: 8px;\n            font-weight: 600;\n            cursor: pointer;\n            text-decoration: none;\n            display: inline-block;\n            transition: background 0.3s ease;\n        }\n\n        .card-btn:hover {\n            background: #2b6cb0;\n        }\n\n        .newsletter {\n            background: linear-gradient(135deg, #23284a 0%, #3a8dde 100%);\n            color: white;\n            padding: 4rem 3rem;\n            display: flex;\n            align-items: center;\n            gap: 2rem;\n            flex-wrap: wrap;\n            border-radius: 0;\n        }\n\n        .newsletter h2 {\n            margin-bottom: 1rem;\n            font-size: 1.8rem;\n        }\n\n        .newsletter input {\n            padding: 0.8rem 1rem;\n            border: none;\n            border-radius: 8px;\n            margin-right: 0.5rem;\n            font-size: 1rem;\n        }\n\n        .newsletter button {\n            background: #10b981;\n            color: white;\n            border: none;\n            padding: 0.8rem 1.5rem;\n            border-radius: 8px;\n            font-weight: 600;\n            cursor: pointer;\n            transition: background 0.3s ease;\n        }\n\n        .newsletter button:hover {\n            background: #059669;\n        }\n\n        .alert {\n            background: #f0fff4;\n            color: #2f855a;\n            padding: 1rem;\n            border-radius: 8px;\n            border: 1px solid #c6f6d5;\n        }\n\n        footer {\n            background: #23284a;\n            color: white;\n            padding: 4rem 3rem 3rem 3rem;\n            border-radius: 0;\n        }\n\n        .footer-content {\n            max-width: 2400px;\n            margin: 0 auto;\n            display: grid;\n            grid-template-columns: repeat(auto-fit, minmax(250px, 1fr));\n            gap: 2rem;\n        }\n\n        .footer-content h3 {\n            margin-bottom: 1rem;\n            color: #10b981;\n        }\n\n        .footer-content ul {\n            list-style: none;\n            padding: 0;\n        }\n\n        .footer-content li {\n            margin-bottom: 0.5rem;\n        }\n\n        .footer-content a {\n            color: #b0b6d6;\n            text-decoration: none;\n            transition: color 0.3s ease;\n            display: inline-block;\n            padding: 0.2rem 0;\n        }\n\n        .footer-content a:hover {\n            color: #10b981;\n            transform: translateX(5px);\n        }\n\n        nav {\n            background: white;\n            padding: 1rem 2rem;\n            box-shadow: 0 2px 10px rgba(0, 0, 0, 0.1);\n            display: flex;\n            justify-content: space-between;\n            align-items: center;\n            flex-wrap: wrap;\n            position: relative;\n        }\n\n        /* Hamburger Menu Styles */\n        .hamburger-menu {\n            display: none;\n            flex-direction: column;\n            cursor: pointer;\n            padding: 0.5rem;\n            z-index: 1001;\n        }\n\n        .hamburger-menu span {\n            width: 25px;\n            height: 3px;\n            background: #23284a;\n            margin: 3px 0;\n            transition: 0.3s;\n            border-radius: 2px;\n        }\n\n        .hamburger-menu.active span:nth-child(1) {\n            transform: rotate(-45deg) translate(-5px, 6px);\n        }\n\n        .hamburger-menu.active span:nth-child(2) {\n            opacity: 0;\n        }\n\n        .hamburger-menu.active span:nth-child(3) {\n            transform: rotate(45deg) translate(-5px, -6px);\n        }\n\n        /* Mobile Menu Overlay */\n        .mobile-menu-overlay {\n            display: none;\n            position: fixed;\n            top: 0;\n            left: 0;\n            width: 100%;\n            height: 100%;\n            background: rgba(0, 0, 0, 0.5);\n            z-index: 1000;\n            backdrop-filter: blur(5px);\n        }\n\n        .mobile-menu-overlay.active {\n            display: block;\n        }\n\n        .mobile-menu-content {\n            position: fixed;\n            top: 0;\n            right: 0;\n            width: 300px;\n            height: 100%;\n            background: white;\n            box-shadow: -2px 0 10px rgba(0, 0, 0, 0.1);\n            transform: translateX(100%);\n            transition: transform 0.3s ease;\n            overflow-y: auto;\n        }\n\n        .mobile-menu-overlay.active .mobile-menu-content {\n            transform: translateX(0);\n        }\n\n        .mobile-menu-header {\n            display: flex;\n            justify-content: space-between;\n            align-items: center;\n            padding: 1rem 1.5rem;\n            border-bottom: 1px solid #e2e8f0;\n            background: #f8fafc;\n        }\n\n        .close-menu-btn {\n            background: none;\n            border: none;\n            font-size: 1.5rem;\n            color: #23284a;\n            cursor: pointer;\n            padding: 0.5rem;\n            border-radius: 50%;\n            transition: background 0.3s ease;\n        }\n\n        .close-menu-btn:hover {\n            background: #e2e8f0;\n        }\n\n        /* Mobile Navigation - More Specific */\n        .mobile-menu-overlay .mobile-menu-content .mobile-nav-links {\n            list-style: none !important;\n            margin: 0 !important;\n            padding: 1rem 0 !important;\n            display: block !important;\n            flex-direction: column !important;\n            gap: 0 !important;\n            align-items: stretch !important;\n            flex-wrap: nowrap !important;\n        }\n\n        .mobile-menu-overlay .mobile-menu-content .mobile-nav-links li {\n            margin: 0 !important;\n            border-bottom: 1px solid #f1f5f9;\n            display: block !important;\n            width: 100% !important;\n        }\n\n        .mobile-menu-overlay .mobile-menu-content .mobile-nav-links li:last-child {\n            border-bottom: none;\n        }\n\n        .mobile-menu-overlay .mobile-menu-content .mobile-nav-links a {\n            display: block !important;\n            padding: 1rem 1.5rem !important;\n            color: #23284a !important;\n            text-decoration: none !important;\n            font-weight: 500 !important;\n            transition: background 0.3s ease !important;\n            width: 100% !important;\n            box-sizing: border-box !important;\n            text-align: left !important;\n            border-radius: 0 !important;\n        }\n\n        .mobile-menu-overlay .mobile-menu-content .mobile-nav-links a:hover {\n            background: #f8fafc !important;\n            color: #3a8dde !important;\n        }\n\n        .mobile-menu-overlay .mobile-menu-content .mobile-nav-links form {\n            margin: 0 !important;\n            width: 100% !important;\n        }\n\n        .mobile-menu-overlay .mobile-menu-content .mobile-nav-links button {\n            width: 100% !important;\n            text-align: left !important;\n            background: none !important;\n            border: none !important;\n            padding: 1rem 1.5rem !important;\n            color: #23284a !important;\n            font-weight: 500 !important;\n            cursor: pointer !important;\n            transition: background 0.3s ease !important;\n            box-sizing: border-box !important;\n        }\n\n        .mobile-menu-overlay .mobile-menu-content .mobile-nav-links button:hover {\n            background: #f8fafc !important;\n        }\n\n        /* Desktop Navigation */\n        .desktop-nav {\n            list-style: none;\n            margin: 0;\n            padding: 0;\n            display: flex;\n            gap: 2rem;\n            align-items: center;\n            flex-wrap: wrap;\n        }\n\n        nav ul {\n            list-style: none;\n            margin: 0;\n            padding: 0;\n            display: flex;\n            gap: 2rem;\n            align-items: center;\n            flex-wrap: wrap;\n        }\n\n        nav li {\n            margin: 0;\n        }\n\n        nav a {\n            color: #23284a !important;\n            text-decoration: none;\n            font-weight: 500;\n            transition: color 0.3s ease;\n            padding: 0.5rem 1rem;\n            border-radius: 6px;\n        }\n\n        nav a:hover {\n            color: #3a8dde !important;\n            background: rgba(58, 141, 222, 0.1);\n        }\n\n        nav button {\n            background: #10b981;\n            color: white;\n            border: none;\n            padding: 0.5rem 1rem;\n            border-radius: 6px;\n            font-weight: 500;\n            cursor: pointer;\n            transition: background 0.3s ease;\n        }\n\n        nav button:hover {\n            background: #059669;\n        }\n\n        .nav-brand {\n            font-size: 1.5rem;\n            font-weight: bold;\n            color: #23284a;\n            text-decoration: none;\n        }\n\n        .nav-links {\n            display: flex;\n            gap: 2rem;\n            align-items: center;\n            flex-wrap: wrap;\n        }\n\n        .nav-links a {\n            color: #23284a;\n            text-decoration: none;\n            font-weight: 500;\n            transition: color 0.3s ease;\n        }\n\n        .nav-links a:hover {\n            color: #3a8dde;\n        }\n\n        .nav-links .btn {\n            background: #10b981;\n            color: white;\n            padding: 0.5rem 1rem;\n            border-radius: 6px;\n            transition: background 0.3s ease;\n        }\n\n        .nav-links .btn:hover {\n            background: #059669;\n        }\n\n        @media (max-width: 768px) {\n            .container {\n                padding: 1rem;\n            }\n\n            .auction-grid {\n                grid-template-columns: 1fr;\n            }\n\n            .newsletter {\n                flex-direction: column;\n                text-align: center;\n            }\n\n            /* Show hamburger menu on mobile */\n            .hamburger-menu {\n                display: flex;\n            }\n\n            /* Hide desktop navigation on mobile */\n            .desktop-nav {\n                display: none;\n            }\n\n            /* Adjust nav layout for mobile */\n            nav {\n                padding: 1rem;\n            }\n\n            .nav-links {\n                flex-direction: column;\n                gap: 1rem;\n            }\n\n            /* Mobile menu improvements */\n            .mobile-menu-content {\n                width: 280px;\n            }\n\n            .mobile-nav-links a,\n            .mobile-nav-links button {\n                padding: 1.2rem 1.5rem;\n                font-size: 1.1rem;\n            }\n\n            .mobile-menu-header {\n                padding: 1.2rem 1.5rem;\n            }\n\n            .close-menu-btn {\n                font-size: 1.8rem;\n                padding: 0.7rem;\n            }\n        }\n    </style>\n</head>\n\n<body>\n    <nav>\n        <a href="/" class="nav-brand">🏛️ AuctionVistas</a>\n        <a href="/watchlist/my/">My Watchlist</a>\n        <a href="/discover/">Discover</a>\n\n        <!-- Hamburger Menu Button -->\n        <div class="hamburger-menu" id="hamburger-menu">\n            <span></span>\n            <span></span>\n            <span></span>\n        </div>\n\n        <!-- Mobile Menu Overlay -->\n        <div class="mobile-menu-overlay" id="mobile-menu-overlay">\n            <div class="mobile-menu-content">\n                <div class="mobile-menu-header">\n                    <a href="/" class="nav-brand">🏛️ AuctionVistas</a>\n                    <button class="close-menu-btn" id="close-menu-btn">✕</button>\n                </div>\n                <ul class="mobile-nav-links">\n                    <li><a href="/auctions/">Auction Listings</a></li>\n                    <li><a href="/news/">News & Tips</a></li>\n                    \n                    <li><a href="/users/login/">Login</a></li>\n                    <li><a href="/users/register/">Signup</a></li>\n                    \n                    <li><a href="/contact/">Contact Us</a></li>\n                </ul>\n            </div>\n        </div>\n\n        <!-- Desktop Navigation -->\n        <ul class="desktop-nav">\n            <li><a href="/auctions/">Auction Listings</a></li>\n            <li><a href="/news/">News & Tips</a></li>\n            \n            <li><a href="/users/login/">Login</a></li>\n            <li><a href="/users/register/">Signup</a></li>\n            \n            <li><a href="/contact/">Contact Us</a></li>\n        </ul>\n    </nav>\n\n    <div class="container">\n        \n\n        \n        <div class="live-auctions-title">\n            <span style="font-size:1.5rem; color:#10b981;">●</span> Live Auctions\n        </div>\n        <div class="live-auctions-desc">Discover and bid on unique items from trusted sellers in real time.</div>\n        \n        <div class="auction-grid">\n            \n<div style="background:linear-gradient(90deg,#23284a 0%,#2b3a67 100%);padding:0 0 2.5rem 0;">\n  <div style="max-width:2400px;margin:0 auto;padding:2.5rem 1rem 0 1rem;text-align:center;">\n    <div style="display:flex;flex-wrap:wrap;gap:2.5rem;align-items:flex-start;justify-content:center;">\n      <!-- Sidebar -->\n      <aside style="flex:1;min-width:260px;max-width:320px;background:#fff;border-radius:18px;box-shadow:0 2px 12px 0 rgba(44,62,80,0.06);padding:2rem 1.2rem;margin-bottom:2rem;">\n        <form method="get" style="margin-bottom:2rem;">\n          <input type="text" name="search" placeholder="Search products..." value="" style="width:100%;padding:0.7rem 1rem;border-radius:10px;border:1.5px solid #d1d5db;font-size:1rem;background:#f7fafd;">\n          <button type="submit" style="margin-top:0.7rem;width:100%;background:#3a8dde;color:#fff;font-weight:600;border:none;border-radius:10px;padding:0.7rem 0;">Search</button>\n        </form>\n        <div style="margin-bottom:2rem;">\n          <h4 style="margin-bottom:0.7rem;color:#23284a;font-size:1.1rem;">Product Category</h4>\n          <ul style="list-style:none;padding:0;margin:0;">\n            \n              <li style="margin-bottom:0.5rem;"><a href="?category=electronics" style="color:#3a8dde;text-decoration:none;">Electronics</a> <span style="color:#b0b6d6;font-size:0.97rem;">(1)</span></li>\n            \n          </ul>\n        </div>\n        <div>\n          <h4 style="margin-bottom:0.7rem;color:#23284a;font-size:1.1rem;">Filter by price</h4>\n          <input type="range" min="0" max="100000" value="0" style="width:100%;">\n        </div>\n      </aside>\n      <!-- Main Content -->\n      <main style="flex:3;min-width:320px;display:flex;flex-direction:column;align-items:center;justify-content:center;">\n        <!-- Hero Section -->\n        <div style="background:#23284a;border-radius:18px;padding:2rem 1.5rem 1.5rem 1.5rem;margin-bottom:2.5rem;box-shadow:0 2px 12px 0 rgba(44,62,80,0.06);display:flex;align-items:center;gap:2rem;flex-wrap:wrap;width:100%;">\n          <div style="flex:2;min-width:220px;">\n            <h1 style="color:#fff;font-size:2.2rem;font-weight:800;margin-bottom:0.7rem;">Discover & Bid on Unique Items</h1>\n            <div style="color:#ffffff;font-size:1.2rem;margin-bottom:1.2rem;">Join live auctions, find rare collectibles, and win your next treasure!</div>\n          </div>\n          <div style="flex:1;min-width:180px;display:flex;gap:0.5rem;flex-wrap:wrap;">\n            <img src="https://images.unsplash.com/photo-1519125323398-675f0ddb6308?auto=format&fit=facearea&w=120&q=80" style="width:60px;height:60px;border-radius:12px;object-fit:cover;">\n            <img src="https://images.unsplash.com/photo-1465101046530-73398c7f28ca?auto=format&fit=facearea&w=120&q=80" style="width:60px;height:60px;border-radius:12px;object-fit:cover;">\n            <img src="https://images.unsplash.com/photo-1519125323398-675f0ddb6308?auto=format&fit=facearea&w=120&q=80" style="width:60px;height:60px;border-radius:12px;object-fit:cover;">\n            <img src="https://images.unsplash.com/photo-1465101046530-73398c7f28ca?auto=format&fit=facearea&w=120&q=80" style="width:60px;height:60px;border-radius:12px;object-fit:cover;">\n          </div>\n        </div>\n        <!-- Auction Grid -->\n        <div class="auction-cards-grid" style="width:100%;display:grid;grid-template-columns:repeat(auto-fit,minmax(300px,1fr));gap:2rem;justify-items:center;justify-content:center;margin:0 auto;max-width:1200px;">\n          \n            <div class="card" style="background:#fff;color:#23284a;align-items:flex-start;box-shadow:0 2px 12px 0 rgba(44,62,80,0.06);width:100%;max-width:350px;">\n              \n                <img src="https://via.placeholder.com/300x200/eee/888?text=No+Image" alt="No Image" style="width:100%;max-width:300px;border-radius:12px;margin-bottom:1rem;object-fit:cover;">\n              \n              <div style="font-size:1.1rem;font-weight:700;margin-bottom:0.3rem;">Test iPhone</div>\n              <div style="font-size:1rem;color:#000000;margin-bottom:0.5rem;">Current bid: ₹10000.00</div>\n              <div style="font-size:0.97rem;color:#b0b6d6;margin-bottom:0.7rem;">\n                \n                  Jan 15, 2026, 04:54 a.m.\n                \n              </div>\n              <a href="/auctions/1/" class="card-btn" style="background:#3a8dde;color:#fff;font-weight:600;border-radius:1.2rem;padding:0.6rem 0;text-align:center;box-shadow:0 2px 8px 0 rgba(49,130,206,0.10);text-decoration:none;width:100%;margin-top:auto;">Bid now</a>\n            </div>\n          \n        </div>\n      </main>\n    </div>\n  </div>\n</div>\n\n        </div>\n    </div>\n    <div class="newsletter">\n        <div>\n            <h2>Stay Ahead with AuctionVistas</h2>\n            <div>Get the latest updates on live auctions, exclusive items, and bidding tips delivered to your inbox.\n            </div>\n            <form method="post" action="/newsletter-signup/"\n                style="margin-top:1rem; display:flex; align-items:center;">\n                <input type="hidden" name="csrfmiddlewaretoken" value="emjnl0hxbbkOz2R5kPQooDoCVtRVZaiRnQEexyZyOFbxXOOu8gHmWonDqMrNy1cP">\n                <input type="email" name="email" placeholder="Your email address" required>\n                <button type="submit">Subscribe</button>\n            </form>\n            \n            <div style="font-size:0.95rem; margin-top:0.5rem;">Join our community of passionate bidders and sellers!\n            </div>\n        </div>\n        <div>\n            <!-- Placeholder for newsletter illustration -->\n            <svg width="120" height="120" viewBox="0 0 120 120" fill="none" xmlns="http://www.w3.org/2000/svg">\n                <rect width="120" height="120" rx="24" fill="url(#paint0_linear)" />\n                <defs>\n                    <linearGradient id="paint0_linear" x1="0" y1="0" x2="120" y2="120" gradientUnits="userSpaceOnUse">\n                        <stop stop-color="#3a8dde" />\n                        <stop offset="1" stop-color="#7ecbff" />\n                    </linearGradient>\n                </defs>\n            </svg>\n        </div>\n    </div>\n    <footer>\n        <div class="footer-content">\n            <div>\n                <h3>AuctionVistas</h3>\n                <div style="max-width:260px; color:#b0b6d6; font-size:0.95rem;">AuctionVistas is your trusted platform\n                    for discovering, bidding, and winning unique items. Experience secure transactions, real-time\n                    updates, and a vibrant auction community.</div>\n                <div style="margin-top:1rem;">\n                    <a href="#"><img src="https://cdn.jsdelivr.net/npm/simple-icons@v9/icons/twitter.svg" width="22"\n                            style="margin-right:8px;filter:invert(0.7);"></a>\n                    <a href="#"><img src="https://cdn.jsdelivr.net/npm/simple-icons@v9/icons/facebook.svg" width="22"\n                            style="margin-right:8px;filter:invert(0.7);"></a>\n                    <a href="#"><img src="https://cdn.jsdelivr.net/npm/simple-icons@v9/icons/instagram.svg" width="22"\n                            style="filter:invert(0.7);"></a>\n                </div>\n            </div>\n            <div>\n                <h3>Marketplace</h3>\n                <ul>\n                    <li><a href="/marketplace/live-auctions/">Live Auctions</a></li>\n                    <li><a href="/marketplace/upcoming-items/">Upcoming Items</a></li>\n                    <li><a href="/marketplace/sell-with-us/">Sell with Us</a></li>\n                    <li><a href="/marketplace/categories/">Categories</a></li>\n                    <li><a href="/marketplace/how-it-works/">How It Works</a></li>\n                </ul>\n            </div>\n            <div>\n                <h3>Support</h3>\n                <ul>\n                    <li><a href="/marketplace/help-center/">Help Center</a></li>\n                    <li><a href="/marketplace/buyer-seller-guides/">Buyer & Seller Guides</a></li>\n                    <li><a href="/marketplace/safe-bidding-tips/">Safe Bidding Tips</a></li>\n                    <li><a href="/marketplace/contact-support/">Contact Support</a></li>\n                    <li><a href="/marketplace/terms-privacy/">Terms & Privacy</a></li>\n                </ul>\n            </div>\n            <div>\n                <h3>News & Insights</h3>\n                <ul>\n                    <li><a href="/news/">Latest News</a></li>\n                    <li><a href="/news/?category=1">Auction Tips</a></li>\n                    <li><a href="/news/?category=2">Success Stories</a></li>\n                    <li><a href="/news/?category=3">Market Trends</a></li>\n                    <li><a href="/news/?category=4">How-to Guides</a></li>\n                </ul>\n            </div>\n            <div>\n                <h3>Latest News</h3>\n                <ul>\n                    \n                    <li><a href="/news/">View All News</a></li>\n                    \n                </ul>\n            </div>\n        </div>\n    </footer>\n    <script>\n        // Hamburger Menu Functionality\n        document.addEventListener(\'DOMContentLoaded\', function () {\n            const hamburgerMenu = document.getElementById(\'hamburger-menu\');\n            const mobileMenuOverlay = document.getElementById(\'mobile-menu-overlay\');\n            const closeMenuBtn = document.getElementById(\'close-menu-btn\');\n            const mobileNavLinks = document.querySelectorAll(\'.mobile-nav-links a\');\n\n            // Open mobile menu\n            hamburgerMenu.addEventListener(\'click\', function () {\n                mobileMenuOverlay.classList.add(\'active\');\n                hamburgerMenu.classList.add(\'active\');\n                document.body.style.overflow = \'hidden\'; // Prevent background scrolling\n            });\n\n            // Close mobile menu\n            function closeMobileMenu() {\n                mobileMenuOverlay.classList.remove(\'active\');\n                hamburgerMenu.classList.remove(\'active\');\n                document.body.style.overflow = \'\'; // Restore scrolling\n            }\n\n            // Close button click\n            closeMenuBtn.addEventListener(\'click\', closeMobileMenu);\n\n            // Close when clicking on overlay (outside menu)\n            mobileMenuOverlay.addEventListener(\'click\', function (e) {\n                if (e.target === mobileMenuOverlay) {\n                    closeMobileMenu();\n                }\n            });\n\n            // Close when clicking on navigation links\n            mobileNavLinks.forEach(link => {\n                link.addEventListener(\'click\', closeMobileMenu);\n            });\n\n            // Close on escape key\n            document.addEventListener(\'keydown\', function (e) {\n                if (e.key === \'Escape\' && mobileMenuOverlay.classList.contains(\'active\')) {\n                    closeMobileMenu();\n                }\n            });\n        });\n\n        function fetchNotifications() {\n            fetch(\'/notifications/api/unread/\')\n                .then(response => {\n                    if (!response.ok) {\n                        // If response is not ok (like 302 redirect or 404), don\'t try to parse as JSON\n                        throw new Error(\'Not authenticated or API not available\');\n                    }\n                    return response.json();\n                })\n                .then(data => {\n                    const count = data.notifications.length;\n                    document.getElementById(\'notification-count\').textContent = count > 0 ? count : \'\';\n                    let dropdown = document.getElementById(\'notification-dropdown\');\n                    if (count > 0) {\n                        let html = \'<ul style="list-style:none; margin:0; padding:0;">\';\n                        data.notifications.forEach(n => {\n                            html += `<li style=\'padding:8px; border-bottom:1px solid #eee;\'>${n.message} <button onclick=\'markRead(${n.id})\'>Mark as read</button></li>`;\n                        });\n                        html += \'</ul>\';\n                        dropdown.innerHTML = html;\n                    } else {\n                        dropdown.innerHTML = \'<div style="padding:8px;">No new notifications.</div>\';\n                    }\n                })\n                .catch(error => {\n                    // Silently handle errors - don\'t show notifications for unauthenticated users\n                    console.log(\'Notifications not available:\', error.message);\n                    // Hide notification elements for unauthenticated users\n                    const notificationCount = document.getElementById(\'notification-count\');\n                    if (notificationCount) {\n                        notificationCount.style.display = \'none\';\n                    }\n                });\n        }\n\n        function markRead(id) {\n            fetch(`/notifications/api/read/${id}/`)\n                .then(response => {\n                    if (response.ok) {\n                        return fetchNotifications();\n                    }\n                })\n                .catch(error => {\n                    console.log(\'Error marking notification as read:\', error.message);\n                });\n        }\n\n        document.getElementById(\'notification-bell\').addEventListener(\'click\', function (e) {\n            e.preventDefault();\n            let dropdown = document.getElementById(\'notification-dropdown\');\n            dropdown.style.display = dropdown.style.display === \'none\' ? \'block\' : \'none\';\n        });\n\n        document.addEventListener(\'click\', function (e) {\n            if (!e.target.closest(\'#notification-bell\')) {\n                document.getElementById(\'notification-dropdown\').style.display = \'none\';\n            }\n        });\n    </script>\n\n    \n</body>\n\n</html>'

----------------------------------------------------------------------
Ran 4 tests in 3.067s

FAILED (failures=1, errors=1)
Destroying test database for alias 'default'...
Found 4 test(s).

-----

WeasyPrint could not import some external libraries. Please carefully follow the installation steps before reporting an issue:
https://doc.courtbouillon.org/weasyprint/stable/first_steps.html#installation
https://doc.courtbouillon.org/weasyprint/stable/first_steps.html#troubleshooting 

-----

System check identified no issues (0 silenced).
